10:26:23 **** Incremental Build of configuration Debug for project snesnoUSB ****
make all 
'Building file: ../src/helloworld.c'
'Invoking: MicroBlaze gcc compiler'
mb-gcc -Wall -O0 -g3 -c -fmessage-length=0 -MT"src/helloworld.o" -IC:/Users/sapph/OneDrive/Documents/GitHub/ECE385-SP24/SNESonUrbana/SNES_toplevel_noUSB/export/SNES_toplevel_noUSB/sw/SNES_toplevel_noUSB/standalone_microblaze_0/bspinclude/include -mlittle-endian -mxl-barrel-shift -mxl-pattern-compare -mno-xl-soft-div -mcpu=v11.0 -mno-xl-soft-mul -mxl-multiply-high -mhard-float -Wl,--no-relax -ffunction-sections -fdata-sections -MMD -MP -MF"src/helloworld.d" -MT"src/helloworld.o" -o "src/helloworld.o" "../src/helloworld.c"
In file included from C:/Users/sapph/OneDrive/Documents/GitHub/ECE385-SP24/SNESonUrbana/SNES_toplevel_noUSB/export/SNES_toplevel_noUSB/sw/SNES_toplevel_noUSB/standalone_microblaze_0/bspinclude/include/xil_printf.h:16,
                 from ../src/helloworld.c:50:
C:/Users/sapph/OneDrive/Documents/GitHub/ECE385-SP24/SNESonUrbana/SNES_toplevel_noUSB/export/SNES_toplevel_noUSB/sw/SNES_toplevel_noUSB/standalone_microblaze_0/bspinclude/include/xparameters.h:622:30: warning: initialization of 'uint32_t *' {aka 'long unsigned int *'} from 'int' makes pointer from integer without a cast [-Wint-conversion]
  622 | #define XPAR_GPIO_1_BASEADDR 0x40040000
      |                              ^~~~~~~~~~
../src/helloworld.c:55:21: note: in expansion of macro 'XPAR_GPIO_1_BASEADDR'
   55 | uint32_t *romdata = XPAR_GPIO_1_BASEADDR;
      |                     ^~~~~~~~~~~~~~~~~~~~
C:/Users/sapph/OneDrive/Documents/GitHub/ECE385-SP24/SNESonUrbana/SNES_toplevel_noUSB/export/SNES_toplevel_noUSB/sw/SNES_toplevel_noUSB/standalone_microblaze_0/bspinclude/include/xparameters.h:615:30: warning: initialization of 'uint32_t *' {aka 'long unsigned int *'} from 'int' makes pointer from integer without a cast [-Wint-conversion]
  615 | #define XPAR_GPIO_0_BASEADDR 0x40030000
      |                              ^~~~~~~~~~
../src/helloworld.c:56:21: note: in expansion of macro 'XPAR_GPIO_0_BASEADDR'
   56 | uint32_t *romaddr = XPAR_GPIO_0_BASEADDR;
      |                     ^~~~~~~~~~~~~~~~~~~~
'Finished building: ../src/helloworld.c'
' '
'Building file: ../src/platform.c'
'Invoking: MicroBlaze gcc compiler'
mb-gcc -Wall -O0 -g3 -c -fmessage-length=0 -MT"src/platform.o" -IC:/Users/sapph/OneDrive/Documents/GitHub/ECE385-SP24/SNESonUrbana/SNES_toplevel_noUSB/export/SNES_toplevel_noUSB/sw/SNES_toplevel_noUSB/standalone_microblaze_0/bspinclude/include -mlittle-endian -mxl-barrel-shift -mxl-pattern-compare -mno-xl-soft-div -mcpu=v11.0 -mno-xl-soft-mul -mxl-multiply-high -mhard-float -Wl,--no-relax -ffunction-sections -fdata-sections -MMD -MP -MF"src/platform.d" -MT"src/platform.o" -o "src/platform.o" "../src/platform.c"
'Finished building: ../src/platform.c'
' '
'Building target: snesnoUSB.elf'
'Invoking: MicroBlaze gcc linker'
mb-gcc -Wl,-T -Wl,../src/lscript.ld -LC:/Users/sapph/OneDrive/Documents/GitHub/ECE385-SP24/SNESonUrbana/SNES_toplevel_noUSB/export/SNES_toplevel_noUSB/sw/SNES_toplevel_noUSB/standalone_microblaze_0/bsplib/lib -mlittle-endian -mxl-barrel-shift -mxl-pattern-compare -mno-xl-soft-div -mcpu=v11.0 -mno-xl-soft-mul -mxl-multiply-high -mhard-float -Wl,--no-relax -Wl,--gc-sections -o "snesnoUSB.elf"  ./src/helloworld.o ./src/platform.o   -Wl,--start-group,-lxil,-lgcc,-lc,--end-group
'Finished building target: snesnoUSB.elf'
' '
'Invoking: MicroBlaze Print Size'
mb-size snesnoUSB.elf  |tee "snesnoUSB.elf.size"
   text	   data	    bss	    dec	    hex	filename
   6628	 131480	   3108	 141216	  227a0	snesnoUSB.elf
'Finished building: snesnoUSB.elf.size'
' '

10:26:25 Build Finished (took 1s.928ms)

